<?xml version="1.0" encoding="UTF-8"?>
<testsuites name="jest tests" tests="49" failures="12" errors="0" time="12.339">
  <testsuite name="Page Crashes Fix - Issue #3" errors="0" failures="0" skipped="0" timestamp="2025-09-10T11:03:28" time="0.114" tests="17">
    <testcase classname="Page Crashes Fix - Issue #3 Environment Configuration should validate Auth0 environment variables are required" name="Page Crashes Fix - Issue #3 Environment Configuration should validate Auth0 environment variables are required" time="0.002">
    </testcase>
    <testcase classname="Page Crashes Fix - Issue #3 Environment Configuration should detect placeholder vs real Auth0 values" name="Page Crashes Fix - Issue #3 Environment Configuration should detect placeholder vs real Auth0 values" time="0.001">
    </testcase>
    <testcase classname="Page Crashes Fix - Issue #3 Environment Configuration should validate Auth0 secret format" name="Page Crashes Fix - Issue #3 Environment Configuration should validate Auth0 secret format" time="0.001">
    </testcase>
    <testcase classname="Page Crashes Fix - Issue #3 Page Error Boundary should render children when no error occurs" name="Page Crashes Fix - Issue #3 Page Error Boundary should render children when no error occurs" time="0.017">
    </testcase>
    <testcase classname="Page Crashes Fix - Issue #3 Page Error Boundary should handle Auth0 configuration errors specifically" name="Page Crashes Fix - Issue #3 Page Error Boundary should handle Auth0 configuration errors specifically" time="0.001">
    </testcase>
    <testcase classname="Page Crashes Fix - Issue #3 Page Error Boundary should detect different types of configuration errors" name="Page Crashes Fix - Issue #3 Page Error Boundary should detect different types of configuration errors" time="0">
    </testcase>
    <testcase classname="Page Crashes Fix - Issue #3 Environment File Validation should not contain git merge conflicts" name="Page Crashes Fix - Issue #3 Environment File Validation should not contain git merge conflicts" time="0.001">
    </testcase>
    <testcase classname="Page Crashes Fix - Issue #3 Environment File Validation should contain required Auth0 configuration" name="Page Crashes Fix - Issue #3 Environment File Validation should contain required Auth0 configuration" time="0.004">
    </testcase>
    <testcase classname="Page Crashes Fix - Issue #3 Environment File Validation should not contain legacy Supabase configuration" name="Page Crashes Fix - Issue #3 Environment File Validation should not contain legacy Supabase configuration" time="0">
    </testcase>
    <testcase classname="Page Crashes Fix - Issue #3 Page Loading Validation should validate critical pages are accessible" name="Page Crashes Fix - Issue #3 Page Loading Validation should validate critical pages are accessible" time="0.001">
    </testcase>
    <testcase classname="Page Crashes Fix - Issue #3 Page Loading Validation should handle page navigation gracefully" name="Page Crashes Fix - Issue #3 Page Loading Validation should handle page navigation gracefully" time="0">
    </testcase>
    <testcase classname="Page Crashes Fix - Issue #3 Error Recovery should provide retry mechanisms" name="Page Crashes Fix - Issue #3 Error Recovery should provide retry mechanisms" time="0.001">
    </testcase>
    <testcase classname="Page Crashes Fix - Issue #3 Error Recovery should provide support contact information" name="Page Crashes Fix - Issue #3 Error Recovery should provide support contact information" time="0">
    </testcase>
    <testcase classname="Page Crashes Fix - Issue #3 Production Configuration should validate production environment variables template" name="Page Crashes Fix - Issue #3 Production Configuration should validate production environment variables template" time="0.001">
    </testcase>
    <testcase classname="Page Crashes Fix - Issue #3 Production Configuration should validate Auth0 dashboard configuration requirements" name="Page Crashes Fix - Issue #3 Production Configuration should validate Auth0 dashboard configuration requirements" time="0">
    </testcase>
    <testcase classname="Page Crashes Fix - Issue #3 Issue Resolution Validation should confirm all affected routes are covered" name="Page Crashes Fix - Issue #3 Issue Resolution Validation should confirm all affected routes are covered" time="0">
    </testcase>
    <testcase classname="Page Crashes Fix - Issue #3 Issue Resolution Validation should validate the complete fix implementation" name="Page Crashes Fix - Issue #3 Issue Resolution Validation should validate the complete fix implementation" time="0">
    </testcase>
  </testsuite>
  <testsuite name="fetchProductById" errors="0" failures="3" skipped="0" timestamp="2025-09-10T11:03:29" time="0.083" tests="4">
    <testcase classname="fetchProductById should fetch and return product data on success" name="fetchProductById should fetch and return product data on success" time="0.001">
    </testcase>
    <testcase classname="fetchProductById should return null and log a warning if product is not found (404)" name="fetchProductById should return null and log a warning if product is not found (404)" time="0.001">
      <failure>Error: expect(jest.fn()).toHaveBeenCalledWith(...expected)

Expected: &quot;Product with ID \&quot;unknown-id\&quot; not found.&quot;

Number of calls: 0
    at Object.&lt;anonymous&gt; (/workspace/src/services/__tests__/productService.test.ts:66:28)</failure>
    </testcase>
    <testcase classname="fetchProductById should throw an error and log details for other server errors (e.g., 500)" name="fetchProductById should throw an error and log details for other server errors (e.g., 500)" time="0.001">
      <failure>Error: expect(jest.fn()).toHaveBeenCalledWith(...expected)

Expected: &quot;Error fetching product error-id: 500 Internal Server Error&quot;, &quot;Server Error Occurred&quot;

Number of calls: 0
    at Object.&lt;anonymous&gt; (/workspace/src/services/__tests__/productService.test.ts:81:29)</failure>
    </testcase>
    <testcase classname="fetchProductById should re-throw error and log details if fetch itself fails (e.g., network error)" name="fetchProductById should re-throw error and log details if fetch itself fails (e.g., network error)" time="0">
      <failure>Error: expect(jest.fn()).toHaveBeenCalledWith(...expected)

Expected: &quot;An error occurred in fetchProductById:&quot;, [Error: Network failure]

Number of calls: 0
    at Object.&lt;anonymous&gt; (/workspace/src/services/__tests__/productService.test.ts:95:29)</failure>
    </testcase>
  </testsuite>
  <testsuite name="Auth Service" errors="0" failures="4" skipped="0" timestamp="2025-09-10T11:03:29" time="0.125" tests="4">
    <testcase classname="Auth Service resetPassword should call fetch with correct parameters and return data on success" name="Auth Service resetPassword should call fetch with correct parameters and return data on success" time="0.051">
      <failure>AxiosError: Network Error
    at XMLHttpRequest.handleError (/workspace/node_modules/axios/lib/adapters/xhr.js:110:14)
    at XMLHttpRequest.invokeTheCallbackFunction (/workspace/node_modules/jest-environment-jsdom/node_modules/jsdom/lib/jsdom/living/generated/EventHandlerNonNull.js:14:28)
    at XMLHttpRequest.&lt;anonymous&gt; (/workspace/node_modules/jest-environment-jsdom/node_modules/jsdom/lib/jsdom/living/helpers/create-event-accessor.js:35:32)
    at innerInvokeEventListeners (/workspace/node_modules/jest-environment-jsdom/node_modules/jsdom/lib/jsdom/living/events/EventTarget-impl.js:350:25)
    at invokeEventListeners (/workspace/node_modules/jest-environment-jsdom/node_modules/jsdom/lib/jsdom/living/events/EventTarget-impl.js:286:3)
    at XMLHttpRequestImpl._dispatch (/workspace/node_modules/jest-environment-jsdom/node_modules/jsdom/lib/jsdom/living/events/EventTarget-impl.js:233:9)
    at fireAnEvent (/workspace/node_modules/jest-environment-jsdom/node_modules/jsdom/lib/jsdom/living/helpers/events.js:18:36)
    at requestErrorSteps (/workspace/node_modules/jest-environment-jsdom/node_modules/jsdom/lib/jsdom/living/xhr/xhr-utils.js:130:3)
    at Object.dispatchError (/workspace/node_modules/jest-environment-jsdom/node_modules/jsdom/lib/jsdom/living/xhr/xhr-utils.js:59:3)
    at Request.&lt;anonymous&gt; (/workspace/node_modules/jest-environment-jsdom/node_modules/jsdom/lib/jsdom/living/xhr/XMLHttpRequest-impl.js:655:18)
    at Request.emit (node:events:530:35)
    at ClientRequest.&lt;anonymous&gt; (/workspace/node_modules/jest-environment-jsdom/node_modules/jsdom/lib/jsdom/living/helpers/http-request.js:127:14)
    at ClientRequest.emit (node:events:518:28)
    at emitErrorEvent (node:_http_client:104:11)
    at Socket.socketErrorListener (node:_http_client:518:5)
    at Socket.emit (node:events:518:28)
    at emitErrorNT (node:internal/streams/destroy:170:8)
    at emitErrorCloseNT (node:internal/streams/destroy:129:3)
    at processTicksAndRejections (node:internal/process/task_queues:90:21)
    at Axios.request (/workspace/node_modules/axios/lib/core/Axios.js:45:41)
    at processTicksAndRejections (node:internal/process/task_queues:105:5)
    at resetPassword (/workspace/src/services/auth.ts:29:17)
    at Object.&lt;anonymous&gt; (/workspace/src/services/__tests__/auth.test.ts:24:22)</failure>
    </testcase>
    <testcase classname="Auth Service resetPassword should throw an error if the fetch call is not ok" name="Auth Service resetPassword should throw an error if the fetch call is not ok" time="0.005">
      <failure>Error: expect(received).rejects.toThrow(expected)

Expected substring: &quot;Invalid token&quot;
Received message:   &quot;Network Error&quot;

      27 |   const API_URL = process.env.NEXT_PUBLIC_API_URL || &apos;&apos;;
      28 |   try {
    &gt; 29 |     const res = await axios.post(`${API_URL}/auth/reset-password`, { token, newPassword });
         |                 ^
      30 |     return { res, data: res.data };
      31 |   } catch (err: unknown) {
      32 |     logErrorToProduction(&apos;Reset password error:&apos;, { data: err });

      at XMLHttpRequest.handleError (node_modules/axios/lib/adapters/xhr.js:110:14)
      at Axios.request (node_modules/axios/lib/core/Axios.js:45:41)
      at resetPassword (src/services/auth.ts:29:17)
      at Object.&lt;anonymous&gt; (src/services/__tests__/auth.test.ts:47:7)
    at Object.toThrow (/workspace/node_modules/expect/build/index.js:218:22)
    at Object.&lt;anonymous&gt; (/workspace/src/services/__tests__/auth.test.ts:49:10)
    at Promise.then.completed (/workspace/node_modules/jest-circus/build/utils.js:298:28)
    at new Promise (&lt;anonymous&gt;)
    at callAsyncCircusFn (/workspace/node_modules/jest-circus/build/utils.js:231:10)
    at _callCircusTest (/workspace/node_modules/jest-circus/build/run.js:316:40)
    at processTicksAndRejections (node:internal/process/task_queues:105:5)
    at _runTest (/workspace/node_modules/jest-circus/build/run.js:252:3)
    at _runTestsForDescribeBlock (/workspace/node_modules/jest-circus/build/run.js:126:9)
    at _runTestsForDescribeBlock (/workspace/node_modules/jest-circus/build/run.js:121:9)
    at _runTestsForDescribeBlock (/workspace/node_modules/jest-circus/build/run.js:121:9)
    at run (/workspace/node_modules/jest-circus/build/run.js:71:3)
    at runAndTransformResultsToJestFormat (/workspace/node_modules/jest-circus/build/legacy-code-todo-rewrite/jestAdapterInit.js:122:21)
    at jestAdapter (/workspace/node_modules/jest-circus/build/legacy-code-todo-rewrite/jestAdapter.js:79:19)
    at runTestInternal (/workspace/node_modules/jest-runner/build/runTest.js:367:16)
    at runTest (/workspace/node_modules/jest-runner/build/runTest.js:444:34)</failure>
    </testcase>
    <testcase classname="Auth Service resetPassword should throw a generic error if the response is not ok and no message is present" name="Auth Service resetPassword should throw a generic error if the response is not ok and no message is present" time="0.004">
      <failure>Error: expect(received).rejects.toThrow(expected)

Expected substring: &quot;Error 500: Failed to reset password&quot;
Received message:   &quot;Network Error&quot;

      27 |   const API_URL = process.env.NEXT_PUBLIC_API_URL || &apos;&apos;;
      28 |   try {
    &gt; 29 |     const res = await axios.post(`${API_URL}/auth/reset-password`, { token, newPassword });
         |                 ^
      30 |     return { res, data: res.data };
      31 |   } catch (err: unknown) {
      32 |     logErrorToProduction(&apos;Reset password error:&apos;, { data: err });

      at XMLHttpRequest.handleError (node_modules/axios/lib/adapters/xhr.js:110:14)
      at Axios.request (node_modules/axios/lib/core/Axios.js:45:41)
      at resetPassword (src/services/auth.ts:29:17)
      at Object.&lt;anonymous&gt; (src/services/__tests__/auth.test.ts:62:7)
    at Object.toThrow (/workspace/node_modules/expect/build/index.js:218:22)
    at Object.&lt;anonymous&gt; (/workspace/src/services/__tests__/auth.test.ts:64:10)
    at Promise.then.completed (/workspace/node_modules/jest-circus/build/utils.js:298:28)
    at new Promise (&lt;anonymous&gt;)
    at callAsyncCircusFn (/workspace/node_modules/jest-circus/build/utils.js:231:10)
    at _callCircusTest (/workspace/node_modules/jest-circus/build/run.js:316:40)
    at processTicksAndRejections (node:internal/process/task_queues:105:5)
    at _runTest (/workspace/node_modules/jest-circus/build/run.js:252:3)
    at _runTestsForDescribeBlock (/workspace/node_modules/jest-circus/build/run.js:126:9)
    at _runTestsForDescribeBlock (/workspace/node_modules/jest-circus/build/run.js:121:9)
    at _runTestsForDescribeBlock (/workspace/node_modules/jest-circus/build/run.js:121:9)
    at run (/workspace/node_modules/jest-circus/build/run.js:71:3)
    at runAndTransformResultsToJestFormat (/workspace/node_modules/jest-circus/build/legacy-code-todo-rewrite/jestAdapterInit.js:122:21)
    at jestAdapter (/workspace/node_modules/jest-circus/build/legacy-code-todo-rewrite/jestAdapter.js:79:19)
    at runTestInternal (/workspace/node_modules/jest-runner/build/runTest.js:367:16)
    at runTest (/workspace/node_modules/jest-runner/build/runTest.js:444:34)</failure>
    </testcase>
    <testcase classname="Auth Service resetPassword should handle non-JSON error responses gracefully" name="Auth Service resetPassword should handle non-JSON error responses gracefully" time="0.003">
      <failure>Error: expect(received).rejects.toThrow(expected)

Expected substring: &quot;Error 503: Failed to reset password&quot;
Received message:   &quot;Network Error&quot;

      27 |   const API_URL = process.env.NEXT_PUBLIC_API_URL || &apos;&apos;;
      28 |   try {
    &gt; 29 |     const res = await axios.post(`${API_URL}/auth/reset-password`, { token, newPassword });
         |                 ^
      30 |     return { res, data: res.data };
      31 |   } catch (err: unknown) {
      32 |     logErrorToProduction(&apos;Reset password error:&apos;, { data: err });

      at XMLHttpRequest.handleError (node_modules/axios/lib/adapters/xhr.js:110:14)
      at Axios.request (node_modules/axios/lib/core/Axios.js:45:41)
      at resetPassword (src/services/auth.ts:29:17)
      at Object.&lt;anonymous&gt; (src/services/__tests__/auth.test.ts:77:9)
    at Object.toThrow (/workspace/node_modules/expect/build/index.js:218:22)
    at Object.&lt;anonymous&gt; (/workspace/src/services/__tests__/auth.test.ts:79:12)
    at Promise.then.completed (/workspace/node_modules/jest-circus/build/utils.js:298:28)
    at new Promise (&lt;anonymous&gt;)
    at callAsyncCircusFn (/workspace/node_modules/jest-circus/build/utils.js:231:10)
    at _callCircusTest (/workspace/node_modules/jest-circus/build/run.js:316:40)
    at processTicksAndRejections (node:internal/process/task_queues:105:5)
    at _runTest (/workspace/node_modules/jest-circus/build/run.js:252:3)
    at _runTestsForDescribeBlock (/workspace/node_modules/jest-circus/build/run.js:126:9)
    at _runTestsForDescribeBlock (/workspace/node_modules/jest-circus/build/run.js:121:9)
    at _runTestsForDescribeBlock (/workspace/node_modules/jest-circus/build/run.js:121:9)
    at run (/workspace/node_modules/jest-circus/build/run.js:71:3)
    at runAndTransformResultsToJestFormat (/workspace/node_modules/jest-circus/build/legacy-code-todo-rewrite/jestAdapterInit.js:122:21)
    at jestAdapter (/workspace/node_modules/jest-circus/build/legacy-code-todo-rewrite/jestAdapter.js:79:19)
    at runTestInternal (/workspace/node_modules/jest-runner/build/runTest.js:367:16)
    at runTest (/workspace/node_modules/jest-runner/build/runTest.js:444:34)</failure>
    </testcase>
  </testsuite>
  <testsuite name="i18n Initialization" errors="0" failures="0" skipped="0" timestamp="2025-09-10T11:03:31" time="0.48" tests="4">
    <testcase classname="i18n Initialization should be initialized" name="i18n Initialization should be initialized" time="0.101">
    </testcase>
    <testcase classname="i18n Initialization should have fallback language configured" name="i18n Initialization should have fallback language configured" time="0.101">
    </testcase>
    <testcase classname="i18n Initialization should have English resources loaded" name="i18n Initialization should have English resources loaded" time="0.101">
    </testcase>
    <testcase classname="i18n Initialization should have Spanish resources loaded" name="i18n Initialization should have Spanish resources loaded" time="0.101">
    </testcase>
  </testsuite>
  <testsuite name="signup service" errors="0" failures="2" skipped="0" timestamp="2025-09-10T11:03:32" time="0.071" tests="4">
    <testcase classname="signup service returns data on 201 response" name="signup service returns data on 201 response" time="0.001">
    </testcase>
    <testcase classname="signup service throws on 400 response" name="signup service throws on 400 response" time="0.003">
      <failure>Error: expect(received).rejects.toThrow(expected)

Expected substring: &quot;bad&quot;
Received message:   &quot;Unexpected status 400&quot;

      53 |     } else {
      54 |       // Other error
    &gt; 55 |       throw new Error(err.message || &apos;Signup failed&apos;);
         |             ^
      56 |     }
      57 |   }
      58 | }

      at signup (src/services/signupApi.ts:55:13)
      at Object.&lt;anonymous&gt; (src/services/__tests__/signupApi.test.ts:20:5)
    at Object.toThrow (/workspace/node_modules/expect/build/index.js:218:22)
    at Object.&lt;anonymous&gt; (/workspace/src/services/__tests__/signupApi.test.ts:20:72)
    at Promise.then.completed (/workspace/node_modules/jest-circus/build/utils.js:298:28)
    at new Promise (&lt;anonymous&gt;)
    at callAsyncCircusFn (/workspace/node_modules/jest-circus/build/utils.js:231:10)
    at _callCircusTest (/workspace/node_modules/jest-circus/build/run.js:316:40)
    at _runTest (/workspace/node_modules/jest-circus/build/run.js:252:3)
    at _runTestsForDescribeBlock (/workspace/node_modules/jest-circus/build/run.js:126:9)
    at _runTestsForDescribeBlock (/workspace/node_modules/jest-circus/build/run.js:121:9)
    at run (/workspace/node_modules/jest-circus/build/run.js:71:3)
    at runAndTransformResultsToJestFormat (/workspace/node_modules/jest-circus/build/legacy-code-todo-rewrite/jestAdapterInit.js:122:21)
    at jestAdapter (/workspace/node_modules/jest-circus/build/legacy-code-todo-rewrite/jestAdapter.js:79:19)
    at runTestInternal (/workspace/node_modules/jest-runner/build/runTest.js:367:16)
    at runTest (/workspace/node_modules/jest-runner/build/runTest.js:444:34)</failure>
    </testcase>
    <testcase classname="signup service throws on 409 response" name="signup service throws on 409 response" time="0.001">
      <failure>Error: expect(received).rejects.toThrow(expected)

Expected substring: &quot;Email already exists&quot;
Received message:   &quot;Unexpected status 409&quot;

      53 |     } else {
      54 |       // Other error
    &gt; 55 |       throw new Error(err.message || &apos;Signup failed&apos;);
         |             ^
      56 |     }
      57 |   }
      58 | }

      at signup (src/services/signupApi.ts:55:13)
      at Object.&lt;anonymous&gt; (src/services/__tests__/signupApi.test.ts:25:5)
    at Object.toThrow (/workspace/node_modules/expect/build/index.js:218:22)
    at Object.&lt;anonymous&gt; (/workspace/src/services/__tests__/signupApi.test.ts:25:72)
    at Promise.then.completed (/workspace/node_modules/jest-circus/build/utils.js:298:28)
    at new Promise (&lt;anonymous&gt;)
    at callAsyncCircusFn (/workspace/node_modules/jest-circus/build/utils.js:231:10)
    at _callCircusTest (/workspace/node_modules/jest-circus/build/run.js:316:40)
    at _runTest (/workspace/node_modules/jest-circus/build/run.js:252:3)
    at _runTestsForDescribeBlock (/workspace/node_modules/jest-circus/build/run.js:126:9)
    at _runTestsForDescribeBlock (/workspace/node_modules/jest-circus/build/run.js:121:9)
    at run (/workspace/node_modules/jest-circus/build/run.js:71:3)
    at runAndTransformResultsToJestFormat (/workspace/node_modules/jest-circus/build/legacy-code-todo-rewrite/jestAdapterInit.js:122:21)
    at jestAdapter (/workspace/node_modules/jest-circus/build/legacy-code-todo-rewrite/jestAdapter.js:79:19)
    at runTestInternal (/workspace/node_modules/jest-runner/build/runTest.js:367:16)
    at runTest (/workspace/node_modules/jest-runner/build/runTest.js:444:34)</failure>
    </testcase>
    <testcase classname="signup service throws on network error" name="signup service throws on network error" time="0.001">
    </testcase>
  </testsuite>
  <testsuite name="feedbackService" errors="0" failures="0" skipped="0" timestamp="2025-09-10T11:03:32" time="0.062" tests="2">
    <testcase classname="feedbackService saves feedback to storage" name="feedbackService saves feedback to storage" time="0.001">
    </testcase>
    <testcase classname="feedbackService calculates stats correctly" name="feedbackService calculates stats correctly" time="0.001">
    </testcase>
  </testsuite>
  <testsuite name="currency utils" errors="0" failures="0" skipped="0" timestamp="2025-09-10T11:03:34" time="0.066" tests="3">
    <testcase classname="currency utils maps locales to currencies" name="currency utils maps locales to currencies" time="0.001">
    </testcase>
    <testcase classname="currency utils converts USD amounts using exchange rates" name="currency utils converts USD amounts using exchange rates" time="0">
    </testcase>
    <testcase classname="currency utils formats prices using locale currency" name="currency utils formats prices using locale currency" time="0.013">
    </testcase>
  </testsuite>
  <testsuite name="undefined" errors="0" failures="1" skipped="0" timestamp="2025-09-10T11:03:34" time="0.323" tests="1">
    <testcase classname=" Checkout page renders header" name=" Checkout page renders header" time="0.126">
      <failure>Error: expect(received).toMatchSnapshot()

Snapshot name: `Checkout page renders header 1`

- Snapshot  -  71
+ Received  + 807

  &lt;DocumentFragment&gt;
+   &lt;title&gt;
+     Checkout - Zion Tech Group | Zion Tech Group
+   &lt;/title&gt;
+   &lt;meta
+     content=&quot;Complete your purchase securely.&quot;
+     name=&quot;description&quot;
+   /&gt;
+   &lt;meta
+     content=&quot;Checkout - Zion Tech Group | Zion Tech Group&quot;
+     property=&quot;og:title&quot;
+   /&gt;
+   &lt;meta
+     content=&quot;Complete your purchase securely.&quot;
+     property=&quot;og:description&quot;
+   /&gt;
+   &lt;meta
+     content=&quot;/og-image.jpg&quot;
+     property=&quot;og:image&quot;
+   /&gt;
+   &lt;meta
+     content=&quot;website&quot;
+     property=&quot;og:type&quot;
+   /&gt;
+   &lt;meta
+     content=&quot;Zion Tech Group&quot;
+     property=&quot;og:site_name&quot;
+   /&gt;
+   &lt;meta
+     content=&quot;summary_large_image&quot;
+     name=&quot;twitter:card&quot;
+   /&gt;
+   &lt;meta
+     content=&quot;Checkout - Zion Tech Group | Zion Tech Group&quot;
+     name=&quot;twitter:title&quot;
+   /&gt;
+   &lt;meta
+     content=&quot;Complete your purchase securely.&quot;
+     name=&quot;twitter:description&quot;
+   /&gt;
+   &lt;meta
+     content=&quot;/og-image.jpg&quot;
+     name=&quot;twitter:image&quot;
+   /&gt;
+   &lt;header
+     aria-label=&quot;Main navigation&quot;
+     class=&quot;bg-zion-slate-dark/95 backdrop-blur-xl border-b border-zion-cyan/20&quot;
+     role=&quot;banner&quot;
+   &gt;
+     &lt;div
+       class=&quot;max-w-7xl mx-auto px-4 sm:px-6 lg:px-8&quot;
+     &gt;
        &lt;div
-     class=&quot;container max-w-2xl py-10&quot;
+         class=&quot;flex items-center justify-between h-20&quot;
+       &gt;
+         &lt;a
+           aria-label=&quot;Zion Tech Group - Go to homepage&quot;
+           class=&quot;flex items-center space-x-3 focus:outline-none focus:ring-2 focus:ring-zion-cyan focus:ring-offset-2 focus:ring-offset-zion-slate-dark rounded-lg&quot;
+           data-discover=&quot;true&quot;
+           href=&quot;/&quot;
+         &gt;
+           &lt;div
+             aria-hidden=&quot;true&quot;
+             class=&quot;w-12 h-12 bg-gradient-to-r from-zion-cyan to-zion-purple rounded-xl flex items-center justify-center&quot;
+           &gt;
+             &lt;span
+               class=&quot;text-white font-bold text-xl&quot;
+             &gt;
+               Z
+             &lt;/span&gt;
+           &lt;/div&gt;
+           &lt;div
+             class=&quot;hidden sm:block&quot;
+           &gt;
+             &lt;div
+               class=&quot;text-xl font-bold text-white&quot;
+             &gt;
+               Zion Tech Group
+             &lt;/div&gt;
+             &lt;div
+               class=&quot;text-xs text-zion-cyan&quot;
+             &gt;
+               Innovating Tomorrow
+             &lt;/div&gt;
+           &lt;/div&gt;
+         &lt;/a&gt;
+         &lt;nav
+           aria-label=&quot;Main navigation&quot;
+           class=&quot;hidden md:flex items-center space-x-8&quot;
+           role=&quot;navigation&quot;
+         &gt;
+           &lt;a
+             aria-current=&quot;page&quot;
+             class=&quot;text-zion-slate-light hover:text-white transition-colors focus:outline-none focus:ring-2 focus:ring-zion-cyan focus:ring-offset-2 focus:ring-offset-zion-slate-dark rounded px-2 py-1&quot;
+             data-discover=&quot;true&quot;
+             href=&quot;/&quot;
+           &gt;
+             Home
+           &lt;/a&gt;
+         &lt;/nav&gt;
+         &lt;nav
+           class=&quot;hidden md:flex items-center space-x-6&quot;
+         &gt;
+           &lt;a
+             class=&quot;text-white hover:text-zion-cyan transition-colors&quot;
+             data-discover=&quot;true&quot;
+             href=&quot;/services&quot;
+           &gt;
+             Services
+           &lt;/a&gt;
+           &lt;a
+             class=&quot;text-white hover:text-zion-cyan transition-colors&quot;
+             data-discover=&quot;true&quot;
+             href=&quot;/products&quot;
+           &gt;
+             Products
+           &lt;/a&gt;
+           &lt;a
+             class=&quot;text-white hover:text-zion-cyan transition-colors&quot;
+             data-discover=&quot;true&quot;
+             href=&quot;/about&quot;
+           &gt;
+             About
+           &lt;/a&gt;
+           &lt;a
+             class=&quot;text-white hover:text-zion-cyan transition-colors&quot;
+             data-discover=&quot;true&quot;
+             href=&quot;/contact&quot;
+           &gt;
+             Contact
+           &lt;/a&gt;
+         &lt;/nav&gt;
+       &lt;/div&gt;
+     &lt;/div&gt;
+   &lt;/header&gt;
+   &lt;div
+     class=&quot;min-h-screen bg-gradient-to-br from-slate-900 via-slate-800 to-slate-900 pt-20&quot;
+   &gt;
+     &lt;div
+       class=&quot;container mx-auto px-4 py-16&quot;
      &gt;
        &lt;h1
-       class=&quot;text-3xl font-bold mb-6&quot;
+         class=&quot;text-4xl font-bold text-white mb-8&quot;
        &gt;
          Checkout
        &lt;/h1&gt;
        &lt;div
-       class=&quot;mb-4&quot;
+         class=&quot;grid grid-cols-1 lg:grid-cols-2 gap-8&quot;
        &gt;
-       &lt;h2
-         class=&quot;font-semibold mb-2&quot;
+         &lt;div&gt;
+           &lt;form
+             class=&quot;space-y-6&quot;
            &gt;
-         Order Summary
-       &lt;/h2&gt;
-       &lt;ul
-         class=&quot;space-y-1&quot;
-       /&gt;
              &lt;div
-         class=&quot;flex justify-between font-semibold mt-2&quot;
+               class=&quot;bg-slate-800/50 rounded-lg p-6 border border-blue-500/20&quot;
              &gt;
-         &lt;span&gt;
-           Subtotal
-         &lt;/span&gt;
-         &lt;span&gt;
-           $0.00
-         &lt;/span&gt;
-       &lt;/div&gt;
-     &lt;/div&gt;
-     &lt;form
-       class=&quot;space-y-4&quot;
+               &lt;h2
+                 class=&quot;text-2xl font-bold text-white mb-4&quot;
                &gt;
+                 Billing Information
+               &lt;/h2&gt;
                &lt;div
-         class=&quot;space-y-2&quot;
+                 class=&quot;grid grid-cols-1 md:grid-cols-2 gap-4&quot;
                &gt;
+                 &lt;div&gt;
                    &lt;label
-           class=&quot;text-sm font-medium leading-none peer-disabled:cursor-not-allowed peer-disabled:opacity-70&quot;
-           for=&quot;:r0:-form-item&quot;
+                     class=&quot;block text-gray-300 mb-2&quot;
                    &gt;
-           Name
+                     Full Name
                    &lt;/label&gt;
                    &lt;input
-           aria-describedby=&quot;:r0:-form-item-description&quot;
-           aria-invalid=&quot;false&quot;
-           class=&quot;flex h-10 w-full rounded-md border border-input bg-background px-3 py-2 text-base ring-offset-background file:border-0 file:bg-transparent file:text-sm file:font-medium placeholder:text-muted-foreground focus-visible:outline-none focus-visible:ring-2 focus-visible:ring-ring focus-visible:ring-offset-2 disabled:cursor-not-allowed disabled:opacity-50 md:text-sm text-gray-900 dark:text-gray-100 file:text-gray-900 dark:file:text-gray-100&quot;
-           id=&quot;:r0:-form-item&quot;
+                     class=&quot;w-full px-4 py-2 bg-slate-700 text-white rounded-lg border border-gray-600 focus:border-blue-500 focus:outline-none&quot;
                      name=&quot;name&quot;
+                     required=&quot;&quot;
+                     type=&quot;text&quot;
                      value=&quot;&quot;
                    /&gt;
                  &lt;/div&gt;
-       &lt;div
-         class=&quot;space-y-2&quot;
-       &gt;
+                 &lt;div&gt;
                    &lt;label
-           class=&quot;text-sm font-medium leading-none peer-disabled:cursor-not-allowed peer-disabled:opacity-70&quot;
-           for=&quot;:r1:-form-item&quot;
+                     class=&quot;block text-gray-300 mb-2&quot;
                    &gt;
                      Email
                    &lt;/label&gt;
                    &lt;input
-           aria-describedby=&quot;:r1:-form-item-description&quot;
-           aria-invalid=&quot;false&quot;
-           class=&quot;flex h-10 w-full rounded-md border border-input bg-background px-3 py-2 text-base ring-offset-background file:border-0 file:bg-transparent file:text-sm file:font-medium placeholder:text-muted-foreground focus-visible:outline-none focus-visible:ring-2 focus-visible:ring-ring focus-visible:ring-offset-2 disabled:cursor-not-allowed disabled:opacity-50 md:text-sm text-gray-900 dark:text-gray-100 file:text-gray-900 dark:file:text-gray-100&quot;
-           id=&quot;:r1:-form-item&quot;
+                     class=&quot;w-full px-4 py-2 bg-slate-700 text-white rounded-lg border border-gray-600 focus:border-blue-500 focus:outline-none&quot;
                      name=&quot;email&quot;
+                     required=&quot;&quot;
                      type=&quot;email&quot;
                      value=&quot;&quot;
                    /&gt;
                  &lt;/div&gt;
-       &lt;div
-         class=&quot;space-y-2&quot;
-       &gt;
+                 &lt;div&gt;
                    &lt;label
-           class=&quot;text-sm font-medium leading-none peer-disabled:cursor-not-allowed peer-disabled:opacity-70&quot;
-           for=&quot;:r2:-form-item&quot;
+                     class=&quot;block text-gray-300 mb-2&quot;
                    &gt;
                      Address
                    &lt;/label&gt;
                    &lt;input
-           aria-describedby=&quot;:r2:-form-item-description&quot;
-           aria-invalid=&quot;false&quot;
-           class=&quot;flex h-10 w-full rounded-md border border-input bg-background px-3 py-2 text-base ring-offset-background file:border-0 file:bg-transparent file:text-sm file:font-medium placeholder:text-muted-foreground focus-visible:outline-none focus-visible:ring-2 focus-visible:ring-ring focus-visible:ring-offset-2 disabled:cursor-not-allowed disabled:opacity-50 md:text-sm text-gray-900 dark:text-gray-100 file:text-gray-900 dark:file:text-gray-100&quot;
-           id=&quot;:r2:-form-item&quot;
+                     class=&quot;w-full px-4 py-2 bg-slate-700 text-white rounded-lg border border-gray-600 focus:border-blue-500 focus:outline-none&quot;
                      name=&quot;address&quot;
+                     required=&quot;&quot;
+                     type=&quot;text&quot;
                      value=&quot;&quot;
                    /&gt;
                  &lt;/div&gt;
+                 &lt;div&gt;
+                   &lt;label
+                     class=&quot;block text-gray-300 mb-2&quot;
+                   &gt;
+                     City
+                   &lt;/label&gt;
+                   &lt;input
+                     class=&quot;w-full px-4 py-2 bg-slate-700 text-white rounded-lg border border-gray-600 focus:border-blue-500 focus:outline-none&quot;
+                     name=&quot;city&quot;
+                     required=&quot;&quot;
+                     type=&quot;text&quot;
+                     value=&quot;&quot;
+                   /&gt;
+                 &lt;/div&gt;
+                 &lt;div&gt;
+                   &lt;label
+                     class=&quot;block text-gray-300 mb-2&quot;
+                   &gt;
+                     Country
+                   &lt;/label&gt;
+                   &lt;input
+                     class=&quot;w-full px-4 py-2 bg-slate-700 text-white rounded-lg border border-gray-600 focus:border-blue-500 focus:outline-none&quot;
+                     name=&quot;country&quot;
+                     required=&quot;&quot;
+                     type=&quot;text&quot;
+                     value=&quot;&quot;
+                   /&gt;
+                 &lt;/div&gt;
+               &lt;/div&gt;
+             &lt;/div&gt;
              &lt;div
-         class=&quot;space-y-2&quot;
+               class=&quot;bg-slate-800/50 rounded-lg p-6 border border-blue-500/20&quot;
+             &gt;
+               &lt;h2
+                 class=&quot;text-2xl font-bold text-white mb-4&quot;
+               &gt;
+                 Payment Information
+               &lt;/h2&gt;
+               &lt;div
+                 class=&quot;space-y-4&quot;
                &gt;
+                 &lt;div&gt;
                    &lt;label
-           class=&quot;text-sm font-medium leading-none peer-disabled:cursor-not-allowed peer-disabled:opacity-70&quot;
-           for=&quot;:r3:-form-item&quot;
+                     class=&quot;block text-gray-300 mb-2&quot;
                    &gt;
-           City
+                     Card Number
                    &lt;/label&gt;
                    &lt;input
-           aria-describedby=&quot;:r3:-form-item-description&quot;
-           aria-invalid=&quot;false&quot;
-           class=&quot;flex h-10 w-full rounded-md border border-input bg-background px-3 py-2 text-base ring-offset-background file:border-0 file:bg-transparent file:text-sm file:font-medium placeholder:text-muted-foreground focus-visible:outline-none focus-visible:ring-2 focus-visible:ring-ring focus-visible:ring-offset-2 disabled:cursor-not-allowed disabled:opacity-50 md:text-sm text-gray-900 dark:text-gray-100 file:text-gray-900 dark:file:text-gray-100&quot;
-           id=&quot;:r3:-form-item&quot;
-           name=&quot;city&quot;
+                     class=&quot;w-full px-4 py-2 bg-slate-700 text-white rounded-lg border border-gray-600 focus:border-blue-500 focus:outline-none&quot;
+                     name=&quot;cardNumber&quot;
+                     placeholder=&quot;1234 5678 9012 3456&quot;
+                     required=&quot;&quot;
+                     type=&quot;text&quot;
                      value=&quot;&quot;
                    /&gt;
                  &lt;/div&gt;
                  &lt;div
-         class=&quot;space-y-2&quot;
+                   class=&quot;grid grid-cols-2 gap-4&quot;
                  &gt;
+                   &lt;div&gt;
                      &lt;label
-           class=&quot;text-sm font-medium leading-none peer-disabled:cursor-not-allowed peer-disabled:opacity-70&quot;
-           for=&quot;:r4:-form-item&quot;
+                       class=&quot;block text-gray-300 mb-2&quot;
+                     &gt;
+                       Expiry Date
+                     &lt;/label&gt;
+                     &lt;input
+                       class=&quot;w-full px-4 py-2 bg-slate-700 text-white rounded-lg border border-gray-600 focus:border-blue-500 focus:outline-none&quot;
+                       name=&quot;expiryDate&quot;
+                       placeholder=&quot;MM/YY&quot;
+                       required=&quot;&quot;
+                       type=&quot;text&quot;
+                       value=&quot;&quot;
+                     /&gt;
+                   &lt;/div&gt;
+                   &lt;div&gt;
+                     &lt;label
+                       class=&quot;block text-gray-300 mb-2&quot;
                      &gt;
-           Country
+                       CVV
                      &lt;/label&gt;
                      &lt;input
-           aria-describedby=&quot;:r4:-form-item-description&quot;
-           aria-invalid=&quot;false&quot;
-           class=&quot;flex h-10 w-full rounded-md border border-input bg-background px-3 py-2 text-base ring-offset-background file:border-0 file:bg-transparent file:text-sm file:font-medium placeholder:text-muted-foreground focus-visible:outline-none focus-visible:ring-2 focus-visible:ring-ring focus-visible:ring-offset-2 disabled:cursor-not-allowed disabled:opacity-50 md:text-sm text-gray-900 dark:text-gray-100 file:text-gray-900 dark:file:text-gray-100&quot;
-           id=&quot;:r4:-form-item&quot;
-           name=&quot;country&quot;
+                       class=&quot;w-full px-4 py-2 bg-slate-700 text-white rounded-lg border border-gray-600 focus:border-blue-500 focus:outline-none&quot;
+                       name=&quot;cvv&quot;
+                       placeholder=&quot;123&quot;
+                       required=&quot;&quot;
+                       type=&quot;text&quot;
                        value=&quot;&quot;
                      /&gt;
                    &lt;/div&gt;
-       &lt;div /&gt;
+                 &lt;/div&gt;
+               &lt;/div&gt;
+             &lt;/div&gt;
              &lt;button
-         class=&quot;inline-flex items-center justify-center gap-2 whitespace-nowrap rounded-md text-sm font-medium ring-offset-background transition-transform hover:scale-105 focus-visible:outline-none focus-visible:ring-2 focus-visible:ring-ring focus-visible:ring-offset-2 disabled:pointer-events-none disabled:opacity-50 [&amp;_svg]:pointer-events-none [&amp;_svg]:size-4 [&amp;_svg]:shrink-0 bg-primary text-primary-foreground hover:bg-primary/90 h-10 px-4 py-2 w-full&quot;
-         disabled=&quot;&quot;
+               class=&quot;w-full bg-blue-500 text-white py-3 rounded-lg hover:bg-blue-600 transition-colors disabled:opacity-50&quot;
                type=&quot;submit&quot;
              &gt;
-         Pay $0.00
+               Complete Purchase
              &lt;/button&gt;
            &lt;/form&gt;
+         &lt;/div&gt;
+         &lt;div&gt;
+           &lt;div
+             class=&quot;bg-slate-800/50 rounded-lg p-6 border border-blue-500/20&quot;
+           &gt;
+             &lt;h2
+               class=&quot;text-2xl font-bold text-white mb-4&quot;
+             &gt;
+               Order Summary
+             &lt;/h2&gt;
+             &lt;div
+               class=&quot;space-y-4&quot;
+             &gt;
+               &lt;div
+                 class=&quot;flex justify-between items-center&quot;
+               &gt;
+                 &lt;div&gt;
+                   &lt;h3
+                     class=&quot;text-white font-medium&quot;
+                   &gt;
+                     Sample Product
+                   &lt;/h3&gt;
                    &lt;p
-       class=&quot;text-xs text-zion-slate-light&quot;
+                     class=&quot;text-gray-300&quot;
+                   &gt;
+                     Qty: 1
+                   &lt;/p&gt;
+                 &lt;/div&gt;
+                 &lt;span
+                   class=&quot;text-white font-semibold&quot;
+                 &gt;
+                   $25.00
+                 &lt;/span&gt;
+               &lt;/div&gt;
+             &lt;/div&gt;
+             &lt;div
+               class=&quot;border-t border-gray-600 pt-4 mt-4 space-y-2&quot;
+             &gt;
+               &lt;div
+                 class=&quot;flex justify-between text-gray-300&quot;
+               &gt;
+                 &lt;span&gt;
+                   Subtotal
+                 &lt;/span&gt;
+                 &lt;span&gt;
+                   $25.00
+                 &lt;/span&gt;
+               &lt;/div&gt;
+               &lt;div
+                 class=&quot;flex justify-between text-gray-300&quot;
+               &gt;
+                 &lt;span&gt;
+                   Tax
+                 &lt;/span&gt;
+                 &lt;span&gt;
+                   $2.00
+                 &lt;/span&gt;
+               &lt;/div&gt;
+               &lt;div
+                 class=&quot;flex justify-between text-xl font-bold text-white&quot;
+               &gt;
+                 &lt;span&gt;
+                   Total
+                 &lt;/span&gt;
+                 &lt;span&gt;
+                   $27.00
+                 &lt;/span&gt;
+               &lt;/div&gt;
+             &lt;/div&gt;
+           &lt;/div&gt;
+         &lt;/div&gt;
+       &lt;/div&gt;
+     &lt;/div&gt;
+   &lt;/div&gt;
+   &lt;footer
+     class=&quot;bg-gradient-to-br from-zion-blue-dark via-zion-blue to-zion-blue-dark border-t border-zion-blue-light pt-16 pb-8 relative overflow-hidden&quot;
+   &gt;
+     &lt;div
+       class=&quot;absolute inset-0 opacity-5&quot;
+     &gt;
+       &lt;div
+         class=&quot;absolute top-10 left-10 w-32 h-32 border border-zion-cyan rounded-full&quot;
+       /&gt;
+       &lt;div
+         class=&quot;absolute bottom-20 right-20 w-24 h-24 border border-zion-purple rounded-full&quot;
+       /&gt;
+       &lt;div
+         class=&quot;absolute top-1/2 left-1/2 w-16 h-16 border border-zion-cyan-light rounded-full&quot;
+       /&gt;
+     &lt;/div&gt;
+     &lt;div
+       class=&quot;container mx-auto px-4 sm:px-6 lg:px-8 relative z-10&quot;
+     &gt;
+       &lt;div
+         class=&quot;grid grid-cols-1 md:grid-cols-2 lg:grid-cols-6 gap-8 mb-12&quot;
+       &gt;
+         &lt;div
+           class=&quot;lg:col-span-2&quot;
          &gt;
-       Use test card 4242 4242 4242 4242 with any future date and CVC.
+           &lt;div
+             class=&quot;mb-6&quot;
+           &gt;
+             &lt;span
+               class=&quot;text-3xl font-bold bg-gradient-to-r from-zion-cyan via-zion-purple-light to-zion-purple bg-clip-text text-transparent&quot;
+               transition=&quot;[object Object]&quot;
+               whilehover=&quot;[object Object]&quot;
+             &gt;
+               ZION
+             &lt;/span&gt;
+           &lt;/div&gt;
+           &lt;p
+             class=&quot;text-zion-slate-light mb-6 max-w-sm leading-relaxed&quot;
+           &gt;
+             The world&apos;s first free marketplace dedicated to high-tech and artificial intelligence. Connecting innovators, talent, and cutting-edge technology worldwide.
+           &lt;/p&gt;
+           &lt;div
+             class=&quot;mb-6&quot;
+           &gt;
+             &lt;h3
+               class=&quot;text-lg font-semibold text-white mb-4&quot;
+             &gt;
+               Stay Updated
+             &lt;/h3&gt;
+             &lt;p
+               class=&quot;text-zion-slate-light mb-4 text-sm leading-relaxed&quot;
+             &gt;
+               Get the latest news on tech, AI, and marketplace opportunities delivered to your inbox.
+             &lt;/p&gt;
+             &lt;form
+               class=&quot;flex flex-col sm:flex-row gap-2&quot;
+             &gt;
+               &lt;div
+                 class=&quot;flex-1 relative&quot;
+               &gt;
+                 &lt;svg
+                   aria-hidden=&quot;true&quot;
+                   class=&quot;lucide lucide-mail absolute left-3 top-1/2 transform -translate-y-1/2 w-4 h-4 text-zion-slate-light&quot;
+                   fill=&quot;none&quot;
+                   height=&quot;24&quot;
+                   stroke=&quot;currentColor&quot;
+                   stroke-linecap=&quot;round&quot;
+                   stroke-linejoin=&quot;round&quot;
+                   stroke-width=&quot;2&quot;
+                   viewBox=&quot;0 0 24 24&quot;
+                   width=&quot;24&quot;
+                   xmlns=&quot;http://www.w3.org/2000/svg&quot;
+                 &gt;
+                   &lt;path
+                     d=&quot;m22 7-8.991 5.727a2 2 0 0 1-2.009 0L2 7&quot;
+                   /&gt;
+                   &lt;rect
+                     height=&quot;16&quot;
+                     rx=&quot;2&quot;
+                     width=&quot;20&quot;
+                     x=&quot;2&quot;
+                     y=&quot;4&quot;
+                   /&gt;
+                 &lt;/svg&gt;
+                 &lt;input
+                   class=&quot;w-full pl-10 pr-4 py-3 bg-zion-blue-light/20 border border-zion-cyan/20 rounded-lg text-white placeholder-zion-slate-light focus:outline-none focus:border-zion-cyan focus:ring-1 focus:ring-zion-cyan/20 transition-colors&quot;
+                   placeholder=&quot;Enter your email&quot;
+                   required=&quot;&quot;
+                   type=&quot;email&quot;
+                   value=&quot;&quot;
+                 /&gt;
+               &lt;/div&gt;
+               &lt;button
+                 class=&quot;px-6 py-3 bg-gradient-to-r from-zion-cyan to-zion-purple text-white font-semibold rounded-lg hover:shadow-lg hover:shadow-zion-cyan/25 transition-all duration-300 whitespace-nowrap&quot;
+                 type=&quot;submit&quot;
+               &gt;
+                 Subscribe
+               &lt;/button&gt;
+             &lt;/form&gt;
+           &lt;/div&gt;
+         &lt;/div&gt;
+         &lt;div&gt;
+           &lt;h3
+             class=&quot;text-lg font-semibold text-white mb-4&quot;
+           &gt;
+             Quick Links
+           &lt;/h3&gt;
+           &lt;ul
+             class=&quot;space-y-3 text-zion-slate-light&quot;
+           &gt;
+             &lt;li&gt;
+               &lt;a
+                 class=&quot;hover:text-zion-cyan transition-colors&quot;
+                 data-discover=&quot;true&quot;
+                 href=&quot;/about&quot;
+               &gt;
+                 About Us
+               &lt;/a&gt;
+             &lt;/li&gt;
+             &lt;li&gt;
+               &lt;a
+                 class=&quot;hover:text-zion-cyan transition-colors&quot;
+                 data-discover=&quot;true&quot;
+                 href=&quot;/services&quot;
+               &gt;
+                 Services
+               &lt;/a&gt;
+             &lt;/li&gt;
+             &lt;li&gt;
+               &lt;a
+                 class=&quot;hover:text-zion-cyan transition-colors&quot;
+                 data-discover=&quot;true&quot;
+                 href=&quot;/marketplace&quot;
+               &gt;
+                 Marketplace
+               &lt;/a&gt;
+             &lt;/li&gt;
+             &lt;li&gt;
+               &lt;a
+                 class=&quot;hover:text-zion-cyan transition-colors&quot;
+                 data-discover=&quot;true&quot;
+                 href=&quot;/blog&quot;
+               &gt;
+                 Blog
+               &lt;/a&gt;
+             &lt;/li&gt;
+             &lt;li&gt;
+               &lt;a
+                 class=&quot;hover:text-zion-cyan transition-colors&quot;
+                 data-discover=&quot;true&quot;
+                 href=&quot;/contact&quot;
+               &gt;
+                 Contact
+               &lt;/a&gt;
+             &lt;/li&gt;
+             &lt;li&gt;
+               &lt;a
+                 class=&quot;hover:text-zion-cyan transition-colors&quot;
+                 data-discover=&quot;true&quot;
+                 href=&quot;/careers&quot;
+               &gt;
+                 Careers
+               &lt;/a&gt;
+             &lt;/li&gt;
+           &lt;/ul&gt;
+         &lt;/div&gt;
+         &lt;div&gt;
+           &lt;h3
+             class=&quot;text-lg font-semibold text-white mb-4&quot;
+           &gt;
+             Legal
+           &lt;/h3&gt;
+           &lt;ul
+             class=&quot;space-y-3 text-zion-slate-light&quot;
+           &gt;
+             &lt;li&gt;
+               &lt;a
+                 class=&quot;hover:text-zion-cyan transition-colors&quot;
+                 data-discover=&quot;true&quot;
+                 href=&quot;/privacy&quot;
+               &gt;
+                 Privacy Policy
+               &lt;/a&gt;
+             &lt;/li&gt;
+             &lt;li&gt;
+               &lt;a
+                 class=&quot;hover:text-zion-cyan transition-colors&quot;
+                 data-discover=&quot;true&quot;
+                 href=&quot;/terms&quot;
+               &gt;
+                 Terms of Service
+               &lt;/a&gt;
+             &lt;/li&gt;
+             &lt;li&gt;
+               &lt;a
+                 class=&quot;hover:text-zion-cyan transition-colors&quot;
+                 data-discover=&quot;true&quot;
+                 href=&quot;/cookies&quot;
+               &gt;
+                 Cookie Policy
+               &lt;/a&gt;
+             &lt;/li&gt;
+             &lt;li&gt;
+               &lt;a
+                 class=&quot;hover:text-zion-cyan transition-colors&quot;
+                 data-discover=&quot;true&quot;
+                 href=&quot;/accessibility&quot;
+               &gt;
+                 Accessibility
+               &lt;/a&gt;
+             &lt;/li&gt;
+           &lt;/ul&gt;
+         &lt;/div&gt;
+         &lt;div
+           class=&quot;md:col-span-2 lg:col-span-1&quot;
+         &gt;
+           &lt;h3
+             class=&quot;text-lg font-semibold text-white mb-4&quot;
+           &gt;
+             Connect
+           &lt;/h3&gt;
+           &lt;ul
+             class=&quot;space-y-3 text-zion-slate-light&quot;
+           &gt;
+             &lt;li
+               class=&quot;flex items-center space-x-2&quot;
+             &gt;
+               &lt;svg
+                 aria-hidden=&quot;true&quot;
+                 class=&quot;lucide lucide-mail w-5 h-5 text-zion-cyan&quot;
+                 fill=&quot;none&quot;
+                 height=&quot;24&quot;
+                 stroke=&quot;currentColor&quot;
+                 stroke-linecap=&quot;round&quot;
+                 stroke-linejoin=&quot;round&quot;
+                 stroke-width=&quot;2&quot;
+                 viewBox=&quot;0 0 24 24&quot;
+                 width=&quot;24&quot;
+                 xmlns=&quot;http://www.w3.org/2000/svg&quot;
+               &gt;
+                 &lt;path
+                   d=&quot;m22 7-8.991 5.727a2 2 0 0 1-2.009 0L2 7&quot;
+                 /&gt;
+                 &lt;rect
+                   height=&quot;16&quot;
+                   rx=&quot;2&quot;
+                   width=&quot;20&quot;
+                   x=&quot;2&quot;
+                   y=&quot;4&quot;
+                 /&gt;
+               &lt;/svg&gt;
+               &lt;span&gt;
+                 contact@ziontechgroup.com
+               &lt;/span&gt;
+             &lt;/li&gt;
+             &lt;li
+               class=&quot;flex items-center space-x-2&quot;
+             &gt;
+               &lt;svg
+                 aria-hidden=&quot;true&quot;
+                 class=&quot;lucide lucide-phone w-5 h-5 text-zion-cyan&quot;
+                 fill=&quot;none&quot;
+                 height=&quot;24&quot;
+                 stroke=&quot;currentColor&quot;
+                 stroke-linecap=&quot;round&quot;
+                 stroke-linejoin=&quot;round&quot;
+                 stroke-width=&quot;2&quot;
+                 viewBox=&quot;0 0 24 24&quot;
+                 width=&quot;24&quot;
+                 xmlns=&quot;http://www.w3.org/2000/svg&quot;
+               &gt;
+                 &lt;path
+                   d=&quot;M13.832 16.568a1 1 0 0 0 1.213-.303l.355-.465A2 2 0 0 1 17 15h3a2 2 0 0 1 2 2v3a2 2 0 0 1-2 2A18 18 0 0 1 2 4a2 2 0 0 1 2-2h3a2 2 0 0 1 2 2v3a2 2 0 0 1-.8 1.6l-.468.351a1 1 0 0 0-.292 1.233 14 14 0 0 0 6.392 6.384&quot;
+                 /&gt;
+               &lt;/svg&gt;
+               &lt;span&gt;
+                 +1 (302) 464-0950
+               &lt;/span&gt;
+             &lt;/li&gt;
+             &lt;li
+               class=&quot;flex items-center space-x-2&quot;
+             &gt;
+               &lt;svg
+                 aria-hidden=&quot;true&quot;
+                 class=&quot;lucide lucide-map-pin w-5 h-5 text-zion-cyan&quot;
+                 fill=&quot;none&quot;
+                 height=&quot;24&quot;
+                 stroke=&quot;currentColor&quot;
+                 stroke-linecap=&quot;round&quot;
+                 stroke-linejoin=&quot;round&quot;
+                 stroke-width=&quot;2&quot;
+                 viewBox=&quot;0 0 24 24&quot;
+                 width=&quot;24&quot;
+                 xmlns=&quot;http://www.w3.org/2000/svg&quot;
+               &gt;
+                 &lt;path
+                   d=&quot;M20 10c0 4.993-5.539 10.193-7.399 11.799a1 1 0 0 1-1.202 0C9.539 20.193 4 14.993 4 10a8 8 0 0 1 16 0&quot;
+                 /&gt;
+                 &lt;circle
+                   cx=&quot;12&quot;
+                   cy=&quot;10&quot;
+                   r=&quot;3&quot;
+                 /&gt;
+               &lt;/svg&gt;
+               &lt;span&gt;
+                 364 E Main St STE 1008, Middletown DE 19709
+               &lt;/span&gt;
+             &lt;/li&gt;
+           &lt;/ul&gt;
+           &lt;div
+             class=&quot;flex space-x-4 mt-6&quot;
+           &gt;
+             &lt;a
+               class=&quot;text-zion-slate-light hover:text-zion-cyan transition-colors&quot;
+               href=&quot;https://twitter.com/ziontechgroup&quot;
+               rel=&quot;noopener noreferrer&quot;
+               target=&quot;_blank&quot;
+             &gt;
+               &lt;svg
+                 aria-hidden=&quot;true&quot;
+                 class=&quot;lucide lucide-twitter w-6 h-6&quot;
+                 fill=&quot;none&quot;
+                 height=&quot;24&quot;
+                 stroke=&quot;currentColor&quot;
+                 stroke-linecap=&quot;round&quot;
+                 stroke-linejoin=&quot;round&quot;
+                 stroke-width=&quot;2&quot;
+                 viewBox=&quot;0 0 24 24&quot;
+                 width=&quot;24&quot;
+                 xmlns=&quot;http://www.w3.org/2000/svg&quot;
+               &gt;
+                 &lt;path
+                   d=&quot;M22 4s-.7 2.1-2 3.4c1.6 10-9.4 17.3-18 11.6 2.2.1 4.4-.6 6-2C3 15.5.5 9.6 3 5c2.2 2.6 5.6 4.1 9 4-.9-4.2 4-6.6 7-3.8 1.1 0 3-1.2 3-1.2z&quot;
+                 /&gt;
+               &lt;/svg&gt;
+             &lt;/a&gt;
+             &lt;a
+               class=&quot;text-zion-slate-light hover:text-zion-cyan transition-colors&quot;
+               href=&quot;https://www.linkedin.com/company/zion-marketplace&quot;
+               rel=&quot;noopener noreferrer&quot;
+               target=&quot;_blank&quot;
+             &gt;
+               &lt;svg
+                 aria-hidden=&quot;true&quot;
+                 class=&quot;lucide lucide-linkedin w-6 h-6&quot;
+                 fill=&quot;none&quot;
+                 height=&quot;24&quot;
+                 stroke=&quot;currentColor&quot;
+                 stroke-linecap=&quot;round&quot;
+                 stroke-linejoin=&quot;round&quot;
+                 stroke-width=&quot;2&quot;
+                 viewBox=&quot;0 0 24 24&quot;
+                 width=&quot;24&quot;
+                 xmlns=&quot;http://www.w3.org/2000/svg&quot;
+               &gt;
+                 &lt;path
+                   d=&quot;M16 8a6 6 0 0 1 6 6v7h-4v-7a2 2 0 0 0-2-2 2 2 0 0 0-2 2v7h-4v-7a6 6 0 0 1 6-6z&quot;
+                 /&gt;
+                 &lt;rect
+                   height=&quot;12&quot;
+                   width=&quot;4&quot;
+                   x=&quot;2&quot;
+                   y=&quot;9&quot;
+                 /&gt;
+                 &lt;circle
+                   cx=&quot;4&quot;
+                   cy=&quot;4&quot;
+                   r=&quot;2&quot;
+                 /&gt;
+               &lt;/svg&gt;
+             &lt;/a&gt;
+             &lt;a
+               class=&quot;text-zion-slate-light hover:text-zion-cyan transition-colors&quot;
+               href=&quot;https://www.facebook.com/zionmarketplace&quot;
+               rel=&quot;noopener noreferrer&quot;
+               target=&quot;_blank&quot;
+             &gt;
+               &lt;svg
+                 aria-hidden=&quot;true&quot;
+                 class=&quot;lucide lucide-facebook w-6 h-6&quot;
+                 fill=&quot;none&quot;
+                 height=&quot;24&quot;
+                 stroke=&quot;currentColor&quot;
+                 stroke-linecap=&quot;round&quot;
+                 stroke-linejoin=&quot;round&quot;
+                 stroke-width=&quot;2&quot;
+                 viewBox=&quot;0 0 24 24&quot;
+                 width=&quot;24&quot;
+                 xmlns=&quot;http://www.w3.org/2000/svg&quot;
+               &gt;
+                 &lt;path
+                   d=&quot;M18 2h-3a5 5 0 0 0-5 5v3H7v4h3v8h4v-8h3l1-4h-4V7a1 1 0 0 1 1-1h3z&quot;
+                 /&gt;
+               &lt;/svg&gt;
+             &lt;/a&gt;
+             &lt;a
+               class=&quot;text-zion-slate-light hover:text-zion-cyan transition-colors&quot;
+               href=&quot;https://instagram.com/ziontechgroup&quot;
+               rel=&quot;noopener noreferrer&quot;
+               target=&quot;_blank&quot;
+             &gt;
+               &lt;svg
+                 aria-hidden=&quot;true&quot;
+                 class=&quot;lucide lucide-instagram w-6 h-6&quot;
+                 fill=&quot;none&quot;
+                 height=&quot;24&quot;
+                 stroke=&quot;currentColor&quot;
+                 stroke-linecap=&quot;round&quot;
+                 stroke-linejoin=&quot;round&quot;
+                 stroke-width=&quot;2&quot;
+                 viewBox=&quot;0 0 24 24&quot;
+                 width=&quot;24&quot;
+                 xmlns=&quot;http://www.w3.org/2000/svg&quot;
+               &gt;
+                 &lt;rect
+                   height=&quot;20&quot;
+                   rx=&quot;5&quot;
+                   ry=&quot;5&quot;
+                   width=&quot;20&quot;
+                   x=&quot;2&quot;
+                   y=&quot;2&quot;
+                 /&gt;
+                 &lt;path
+                   d=&quot;M16 11.37A4 4 0 1 1 12.63 8 4 4 0 0 1 16 11.37z&quot;
+                 /&gt;
+                 &lt;line
+                   x1=&quot;17.5&quot;
+                   x2=&quot;17.51&quot;
+                   y1=&quot;6.5&quot;
+                   y2=&quot;6.5&quot;
+                 /&gt;
+               &lt;/svg&gt;
+             &lt;/a&gt;
+             &lt;a
+               class=&quot;text-zion-slate-light hover:text-zion-cyan transition-colors&quot;
+               href=&quot;https://github.com/ziontechgroup&quot;
+               rel=&quot;noopener noreferrer&quot;
+               target=&quot;_blank&quot;
+             &gt;
+               &lt;svg
+                 aria-hidden=&quot;true&quot;
+                 class=&quot;lucide lucide-github w-6 h-6&quot;
+                 fill=&quot;none&quot;
+                 height=&quot;24&quot;
+                 stroke=&quot;currentColor&quot;
+                 stroke-linecap=&quot;round&quot;
+                 stroke-linejoin=&quot;round&quot;
+                 stroke-width=&quot;2&quot;
+                 viewBox=&quot;0 0 24 24&quot;
+                 width=&quot;24&quot;
+                 xmlns=&quot;http://www.w3.org/2000/svg&quot;
+               &gt;
+                 &lt;path
+                   d=&quot;M15 22v-4a4.8 4.8 0 0 0-1-3.5c3 0 6-2 6-5.5.08-1.25-.27-2.48-1-3.5.28-1.15.28-2.35 0-3.5 0 0-1 0-3 1.5-2.64-.5-5.36-.5-8 0C6 2 5 2 5 2c-.3 1.15-.3 2.35 0 3.5A5.403 5.403 0 0 0 4 9c0 3.5 3 5.5 6 5.5-.39.49-.68 1.05-.85 1.65-.17.6-.22 1.23-.15 1.85v4&quot;
+                 /&gt;
+                 &lt;path
+                   d=&quot;M9 18c-4.51 2-5-2-7-2&quot;
+                 /&gt;
+               &lt;/svg&gt;
+             &lt;/a&gt;
+           &lt;/div&gt;
+         &lt;/div&gt;
+       &lt;/div&gt;
+       &lt;div
+         class=&quot;border-t border-zion-blue-light/30 pt-8 mt-8 text-center text-zion-slate-light text-sm&quot;
+       &gt;
+         &lt;p&gt;
+           © 2025 Zion Tech Group. All rights reserved.
          &lt;/p&gt;
+         &lt;button
+           class=&quot;mt-4 inline-flex items-center text-zion-cyan hover:text-white transition-colors group&quot;
+         &gt;
+           &lt;svg
+             aria-hidden=&quot;true&quot;
+             class=&quot;lucide lucide-arrow-up w-4 h-4 mr-2 group-hover:translate-y-[-2px] transition-transform&quot;
+             fill=&quot;none&quot;
+             height=&quot;24&quot;
+             stroke=&quot;currentColor&quot;
+             stroke-linecap=&quot;round&quot;
+             stroke-linejoin=&quot;round&quot;
+             stroke-width=&quot;2&quot;
+             viewBox=&quot;0 0 24 24&quot;
+             width=&quot;24&quot;
+             xmlns=&quot;http://www.w3.org/2000/svg&quot;
+           &gt;
+             &lt;path
+               d=&quot;m5 12 7-7 7 7&quot;
+             /&gt;
+             &lt;path
+               d=&quot;M12 19V5&quot;
+             /&gt;
+           &lt;/svg&gt;
+           Back to Top
+         &lt;/button&gt;
        &lt;/div&gt;
+     &lt;/div&gt;
+   &lt;/footer&gt;
  &lt;/DocumentFragment&gt;
    at Object.&lt;anonymous&gt; (/workspace/tests/CheckoutPageSnapshot.test.tsx:19:24)
    at Promise.then.completed (/workspace/node_modules/jest-circus/build/utils.js:298:28)
    at new Promise (&lt;anonymous&gt;)
    at callAsyncCircusFn (/workspace/node_modules/jest-circus/build/utils.js:231:10)
    at _callCircusTest (/workspace/node_modules/jest-circus/build/run.js:316:40)
    at _runTest (/workspace/node_modules/jest-circus/build/run.js:252:3)
    at _runTestsForDescribeBlock (/workspace/node_modules/jest-circus/build/run.js:126:9)
    at run (/workspace/node_modules/jest-circus/build/run.js:71:3)
    at runAndTransformResultsToJestFormat (/workspace/node_modules/jest-circus/build/legacy-code-todo-rewrite/jestAdapterInit.js:122:21)
    at jestAdapter (/workspace/node_modules/jest-circus/build/legacy-code-todo-rewrite/jestAdapter.js:79:19)
    at runTestInternal (/workspace/node_modules/jest-runner/build/runTest.js:367:16)
    at runTest (/workspace/node_modules/jest-runner/build/runTest.js:444:34)</failure>
    </testcase>
  </testsuite>
  <testsuite name="undefined" errors="0" failures="1" skipped="0" timestamp="2025-09-10T11:03:35" time="0.095" tests="1">
    <testcase classname=" filters posts when typing in search" name=" filters posts when typing in search" time="0.009">
      <failure>Error: Element type is invalid: expected a string (for built-in components) or a class/function (for composite components) but got: undefined. You likely forgot to export your component from the file it&apos;s defined in, or you might have mixed up default and named imports.
    at createFiberFromTypeAndProps (/workspace/node_modules/react-dom/cjs/react-dom.development.js:28478:17)
    at createFiberFromElement (/workspace/node_modules/react-dom/cjs/react-dom.development.js:28504:15)
    at reconcileSingleElement (/workspace/node_modules/react-dom/cjs/react-dom.development.js:13986:23)
    at reconcileChildFibers (/workspace/node_modules/react-dom/cjs/react-dom.development.js:14044:35)
    at reconcileChildren (/workspace/node_modules/react-dom/cjs/react-dom.development.js:19186:28)
    at updateContextProvider (/workspace/node_modules/react-dom/cjs/react-dom.development.js:21193:3)
    at beginWork (/workspace/node_modules/react-dom/cjs/react-dom.development.js:21688:14)
    at beginWork$1 (/workspace/node_modules/react-dom/cjs/react-dom.development.js:27465:14)
    at performUnitOfWork (/workspace/node_modules/react-dom/cjs/react-dom.development.js:26599:12)
    at workLoopSync (/workspace/node_modules/react-dom/cjs/react-dom.development.js:26505:5)
    at renderRootSync (/workspace/node_modules/react-dom/cjs/react-dom.development.js:26473:7)
    at recoverFromConcurrentError (/workspace/node_modules/react-dom/cjs/react-dom.development.js:25889:20)
    at performConcurrentWorkOnRoot (/workspace/node_modules/react-dom/cjs/react-dom.development.js:25789:22)
    at flushActQueue (/workspace/node_modules/react/cjs/react.development.js:2667:24)
    at act (/workspace/node_modules/react/cjs/react.development.js:2582:11)
    at /workspace/node_modules/@testing-library/react/dist/act-compat.js:47:25
    at renderRoot (/workspace/node_modules/@testing-library/react/dist/pure.js:190:26)
    at render (/workspace/node_modules/@testing-library/react/dist/pure.js:292:10)
    at Object.&lt;anonymous&gt; (/workspace/tests/BlogSearch.test.tsx:6:9)
    at Promise.then.completed (/workspace/node_modules/jest-circus/build/utils.js:298:28)
    at new Promise (&lt;anonymous&gt;)
    at callAsyncCircusFn (/workspace/node_modules/jest-circus/build/utils.js:231:10)
    at _callCircusTest (/workspace/node_modules/jest-circus/build/run.js:316:40)
    at _runTest (/workspace/node_modules/jest-circus/build/run.js:252:3)
    at _runTestsForDescribeBlock (/workspace/node_modules/jest-circus/build/run.js:126:9)
    at run (/workspace/node_modules/jest-circus/build/run.js:71:3)
    at runAndTransformResultsToJestFormat (/workspace/node_modules/jest-circus/build/legacy-code-todo-rewrite/jestAdapterInit.js:122:21)
    at jestAdapter (/workspace/node_modules/jest-circus/build/legacy-code-todo-rewrite/jestAdapter.js:79:19)
    at runTestInternal (/workspace/node_modules/jest-runner/build/runTest.js:367:16)
    at runTest (/workspace/node_modules/jest-runner/build/runTest.js:444:34)</failure>
    </testcase>
  </testsuite>
  <testsuite name="undefined" errors="0" failures="1" skipped="0" timestamp="2025-09-10T11:03:39" time="0.122" tests="1">
    <testcase classname=" renders blog article from slug" name=" renders blog article from slug" time="0.015">
      <failure>Error: Element type is invalid: expected a string (for built-in components) or a class/function (for composite components) but got: undefined. You likely forgot to export your component from the file it&apos;s defined in, or you might have mixed up default and named imports.

Check the render method of `BlogPost`.
    at createFiberFromTypeAndProps (/workspace/node_modules/react-dom/cjs/react-dom.development.js:28478:17)
    at createFiberFromElement (/workspace/node_modules/react-dom/cjs/react-dom.development.js:28504:15)
    at createChild (/workspace/node_modules/react-dom/cjs/react-dom.development.js:13345:28)
    at reconcileChildrenArray (/workspace/node_modules/react-dom/cjs/react-dom.development.js:13640:25)
    at reconcileChildFibers (/workspace/node_modules/react-dom/cjs/react-dom.development.js:14057:16)
    at reconcileChildren (/workspace/node_modules/react-dom/cjs/react-dom.development.js:19186:28)
    at mountIndeterminateComponent (/workspace/node_modules/react-dom/cjs/react-dom.development.js:20186:5)
    at beginWork (/workspace/node_modules/react-dom/cjs/react-dom.development.js:21626:16)
    at beginWork$1 (/workspace/node_modules/react-dom/cjs/react-dom.development.js:27465:14)
    at performUnitOfWork (/workspace/node_modules/react-dom/cjs/react-dom.development.js:26599:12)
    at workLoopSync (/workspace/node_modules/react-dom/cjs/react-dom.development.js:26505:5)
    at renderRootSync (/workspace/node_modules/react-dom/cjs/react-dom.development.js:26473:7)
    at recoverFromConcurrentError (/workspace/node_modules/react-dom/cjs/react-dom.development.js:25889:20)
    at performConcurrentWorkOnRoot (/workspace/node_modules/react-dom/cjs/react-dom.development.js:25789:22)
    at flushActQueue (/workspace/node_modules/react/cjs/react.development.js:2667:24)
    at act (/workspace/node_modules/react/cjs/react.development.js:2582:11)
    at /workspace/node_modules/@testing-library/react/dist/act-compat.js:47:25
    at renderRoot (/workspace/node_modules/@testing-library/react/dist/pure.js:190:26)
    at render (/workspace/node_modules/@testing-library/react/dist/pure.js:292:10)
    at Object.&lt;anonymous&gt; (/workspace/tests/BlogPostRoute.test.tsx:6:9)
    at Promise.then.completed (/workspace/node_modules/jest-circus/build/utils.js:298:28)
    at new Promise (&lt;anonymous&gt;)
    at callAsyncCircusFn (/workspace/node_modules/jest-circus/build/utils.js:231:10)
    at _callCircusTest (/workspace/node_modules/jest-circus/build/run.js:316:40)
    at _runTest (/workspace/node_modules/jest-circus/build/run.js:252:3)
    at _runTestsForDescribeBlock (/workspace/node_modules/jest-circus/build/run.js:126:9)
    at run (/workspace/node_modules/jest-circus/build/run.js:71:3)
    at runAndTransformResultsToJestFormat (/workspace/node_modules/jest-circus/build/legacy-code-todo-rewrite/jestAdapterInit.js:122:21)
    at jestAdapter (/workspace/node_modules/jest-circus/build/legacy-code-todo-rewrite/jestAdapter.js:79:19)
    at runTestInternal (/workspace/node_modules/jest-runner/build/runTest.js:367:16)
    at runTest (/workspace/node_modules/jest-runner/build/runTest.js:444:34)</failure>
    </testcase>
  </testsuite>
  <testsuite name="undefined" errors="0" failures="0" skipped="0" timestamp="2025-09-10T11:03:39" time="0.063" tests="4">
    <testcase classname=" removes accents from strings" name=" removes accents from strings" time="0.001">
    </testcase>
    <testcase classname=" treats underscores as spaces" name=" treats underscores as spaces" time="0">
    </testcase>
    <testcase classname=" removes special characters" name=" removes special characters" time="0">
    </testcase>
    <testcase classname=" allows custom separators" name=" allows custom separators" time="0.001">
    </testcase>
  </testsuite>
  <testsuite name="Analytics" errors="0" failures="0" skipped="0" timestamp="2025-09-10T11:03:39" time="0.057" tests="1">
    <testcase classname="Analytics renders without crashing" name="Analytics renders without crashing" time="0.002">
    </testcase>
  </testsuite>
  <testsuite name="smoke" errors="0" failures="0" skipped="0" timestamp="2025-09-10T11:03:39" time="0.048" tests="1">
    <testcase classname="smoke runs" name="smoke runs" time="0.001">
    </testcase>
  </testsuite>
  <testsuite name="sanity" errors="0" failures="0" skipped="0" timestamp="2025-09-10T11:03:39" time="0.046" tests="1">
    <testcase classname="sanity runs a basic assertion" name="sanity runs a basic assertion" time="0">
    </testcase>
  </testsuite>
  <testsuite name="smoke" errors="0" failures="0" skipped="0" timestamp="2025-09-10T11:03:39" time="0.047" tests="1">
    <testcase classname="smoke runs" name="smoke runs" time="0">
    </testcase>
  </testsuite>
</testsuites>